<!--
  The <search-page-sk> custom element declaration.

  Shows the results of a search request. 
  It sends the query string as a JSON request to the 
  search entpoint ('/json/search') and renders the result. 

  It assumes to the be part of a client site routed system
  of views and therefore offers the 'pageSelected' and 'pageUnselected'
  functions. These need to be called whenever the page goes 
  in and out of view. 

  Attributes:
    None

  Methods:
    pageSelected(ctx) - Called by the router when the view becomes visible. 
          ctx is the context provided in the route dispatch of page.js. 
    
    pageDeselected - Called by the router when the view is no longer visible. 

  Events:
    None

  Mailboxes:
    None
-->

<link rel="import" href="bower_components/polymer/polymer.html"> 
<link rel="import" href="bower_components/iron-flex-layout/iron-flex-layout-classes.html">

<link rel="import" href="activity-sk.html">
<link rel=import href="detail-list-sk.html">
<link rel=import href="digest-details-sk.html">
<link rel=import href="search-controls-sk.html">

<dom-module id="search-page-sk">
  <template>
    <style include="iron-flex iron-flex-alignment"></style>
    <style include="shared-styles">
      digest-details-sk {
        display: block;
        box-shadow: 3px 3px 6px 1px rgba(133,133,133,1);
        margin-top: 1em;
        margin-bottom: 1em;
        margin-left: 3em;
        padding: 1em;
      }  

      digest-details-sk[data-focus] {
        box-shadow: 3px 3px 6px 5px #FF7F00;
      }

      #missing {
        padding-top: 2em;
      }
    </style>
  
    <activity-sk id="activityBar" busy="{{_hideAll}}"></activity-sk>
    <div class="layout horizontal">
        <search-controls-sk id="searchControls"></search-controls-sk>
        <div>
          <paper-button id="triggerSearchButton" raised disabled="{{_hideAll}}">Search</paper-button>
        </div>
    </div>
    <trybot-controls-sk id="trybotControls"></trybot-controls-sk>

    <div hidden$="{{_hideAll}}">
      <div id="missing" hidden$="{{_nonEmptyResult(data)}}">
        No digests match your query.
      </div>
      <div hidden$="{{_emptyResult(data)}}">
        <detail-list-sk id="detailList">
          <template is="dom-repeat" items="{{data.digests}}">
            <digest-details-sk 
                    id$="{{_entryId(item)}}"
                    mode="list"
                    triage
                    details="[[item]]"
                    commits="[[data.commits]]">
            </digest-details-sk>
          </template>
        </detail-list-sk>
      </div>
    </div>
  </template>
  <script>
    Polymer({
      is: "search-page-sk",

      behaviors: [gold.PageStateBehavior],

      properties: {
        data: {
          type: Object, 
          value: function() { return {}; }
        }
      },

      ready: function() {
        this.listen(this.$.searchControls, 'state-change', '_handleStateChange');
        this.listen(this.$.triggerSearchButton, 'click', '_handleSearchButton');
      },

      pageSelected: function(ctx) {
        this.$.detailList.startUse();
        this._loadParamset();

        // Initialize the state and set values of the controls. 
        this._initState(ctx, gold.defaultSearchState);
        this.$.searchControls.setState(this._state);

        // Only load the page if there were parameters given. 
        if (ctx.querystring !== '') {
          this._load();
        }
      },

      pageDeselected: function() {
        this.$.detailList.endUse();
      },

      _handleSearchButton: function(ev) {
        // Reload the page with the current state of the controls. 
        this._redirectToState(this.$.searchControls.state);
      },

      _handleStateChange: function(ev) {
        // Reload the page with the new  state in the query parameters. 
        this._redirectToState(ev.detail); 
      }, 

      _load: function() {
        var q = window.location.search; 
        this.$.activityBar.startSpinner("Loading ...");
        sk.get("/json/search" + q).then(JSON.parse).then(function (json) {
          this.set('data', json);
          this.$.trybotControls.setIssue(json.issue);
          this.$.activityBar.stopSpinner(); 
        }.bind(this)).catch(function(e) {
          this.$.activityBar.stopSpinner();
          sk.errorMessage(e);
        }.bind(this)); 
      }, 

      _loadParamset: function() {
        sk.get("/json/paramset").then(JSON.parse).then(function (json) {
          this.$.searchControls.setParamSet(json);
        }.bind(this)).catch(sk.errorMessage);          
      },

      _entryId: function(item) {
        return item.test + '-' + item.digest; 
      },

      // Returns true if there was a query and result is not empty. 
      _nonEmptyResult: function(data) {
        return !data.digests || data.digests.length > 0; 
      },

      // Returns true if there was a query and the result is empty. 
      _emptyResult: function(data) {
        return !data.digests || data.digests.length === 0;
      }
    });
  </script>
</dom-module>
