    <meta charset="utf-8">
    <meta name="theme-color" content="#FF7F00">
    <link rel="shortcut icon" href="/res/img/favicon.ico" />
    <meta http-equiv="X-UA-Compatible" content="IE=edge,chrome=1">
    <meta name="viewport" content="width=device-width, initial-scale=1.0">
    <script src="/res/js/core.js"></script>
    <link href="/res/css/core.css" rel="stylesheet" />
    <link href="/res/vul/elements.html" rel="import" />
