<!DOCTYPE html>
<html>
  <head>
    <title>Skia Correctness Server | Search </title>

    {%template "header.html" .%}

    <style>
      digest-details-sk {
        display: block;
        box-shadow: 3px 3px 6px 1px rgba(133,133,133,1);
        margin-top: 1em;
        margin-bottom: 1em;
        margin-left: 3em;
        padding: 1em;
      }

      digest-details-sk[data-focus] {
        box-shadow: 3px 3px 6px 5px #FF7F00;
      }

      #missing {
        display: none;
        font-weight: bold;
      }

      #missing.visible {
        display: block;
      }

      .issueTable {
        padding: 1em;
      }

      .issueRow {
        padding-right: 2em;
        padding-bottom: 0.5em; 
        vertical-align: top;
      }

      .tryjob-running { 
        background-color: #FFD92F; 
      }

      .tryjob-complete { 
        background-color: #A6D854; 
      }

      .tryjob-ingested { 
        background-color: #117733; 
      }
      .tryjob-failed { 
        background-color: #D95F02; 
        color: white;
      }

      .tryjobStatus {
        padding-right: .5em;
        padding-left: .5em;
        margin: 0.1em;
        float: left;
      }

      .issueHeader {
        font-weight: bold; 
      }

    </style>
  </head>
  <body>
    <scaffold-sk responsiveWidth="700px">
      {%template "titlebar.html" .%}

      {%if .IssueResponse%}
        <div class="issueHeader">Issue: <a href="https://codereview.chromium.org/{%html .IssueResponse.ID%}" target="_blank">
          {%.IssueResponse.ID%} ({%.IssueResponse.Owner%}) {%.IssueResponse.Subject%}</a>
        </div>        

        <table class="issueTable">
          <thead> 
            <tr>
              <th class="issueRow">Patchset <br> (* - Showing)</th>
              <th class="issueRow">Jobs <br> (Finished / Total)</th>
              <th class="issueRow">Test Builders</th>
            </tr>
          </thead>
          <tbody>
          {%range $i, $e := .IssueResponse.Patchsets%}
            {%with $data := index $.IssueResponse.PatchsetDetails $e%}
              <tr>
                <td class="issueRow"><a href="{%html $.IssueBaseURL%}&patchsets={%html $e%}">{%add $i 1%}</a>
                {%if print $e|index $.IncludedPatchsets%} * {%end%}
                </td>
                <td class="issueRow">{%$data.JobDone%} / {%$data.JobTotal%}</td>
                <td class="issueRow">
                    {%range $data.Tryjobs%}
                      <div class="tryjob-{%.Status%} tryjobStatus">{%.Builder%}</div>
                    {%end%}
                    <br style="clear: both;">
                </td>
              </tr>
            {%end%}
          {%end%}
          </tbody>
        </table>
      {%end%}

      <help-sk>
        <table>
          <tr><th colspan=2>Keyboard Shortcuts</th></tr>
          <tr><th>J</th><td>Next</td></tr>
          <tr><th>K</th><td>Prev</td></tr>
          <tr><th>W</th><td>Zoom</td></tr>
          <tr><th>A</th><td>Postive</td></tr>
          <tr><th>S</th><td>Negative</td></tr>
          <tr><th>D</th><td>Untriaged</td></tr>
          <tr><th>?</th><td>Help</td></tr>
        </table>
      </help-sk>

      <div id=missing>No digests match your query.</div>
      <h3>
        Displaying {%len .Digests%} of {%.NumMatches%} Digests that matched your query.
      </h3>

      <detail-list-sk>
        {%range .Digests%}
          <digest-details-sk test="{%.Test%}" digest="{%.Digest%}"
            mailbox="{%.Test%}:{%.Digest%}" triage images=false></digest-details-sk>
        {%end%}
      </detail-list-sk>
    </scaffold-sk>
    <commits-sk></commits-sk>
    <zoom-sk id=zoomer llabel="Closest Triaged" rlabel="Untriaged"></zoom-sk>
    <error-toast-sk></error-toast-sk>

    <script type="text/javascript" charset="utf-8">
     (function() {
       sk.Mailbox.send("commits", {%.CommitsJS%});

       var details = {%.JS%};

       details.forEach(function(detail) {
         var id = detail.test + ":" + detail.digest;
         sk.Mailbox.send(id, detail);
       });


       $$$('#missing').classList.toggle('visible', details.length == 0);

       // Once all the details have been loaded, then start loading images,
       // starting from the top. This function is called every 100ms until
       // all the details elements have been changed to load images.
       //
       //   details - An array of test-summary-details-sk elements.
       //
       function loadDetailImagesStep(details) {
         details.splice(0, 3).forEach(function(ele) {
           ele.images = true;
         });
         if (details.length > 0) {
           window.setTimeout(loadDetailImagesStep, 100, details);
         }
       }

       sk.WebComponentsReady.then(function() {
         loadDetailImagesStep($$('digest-details-sk'));
       });
     })();
    </script>
  </body>
</html>
