<!DOCTYPE html>
<html>
  <head>
    <title>Skia Correctness Server</title>

    {%template "header.html" .%}

    <style type="text/css" media="screen">
    </style>

  </head>
  <body>
    <scaffold-sk responsiveWidth="700px">
      {%template "titlebar.html" .%}

      <trybots-list-sk></trybots-list-sk>
    </scaffold-sk>

    <script type="text/javascript" charset="utf-8">
    </script>
  </body>
</html>
