<div class="container-fluid ng-cloak" ng-cloak>
    <div class="row">
        <h3>Rebaseline - Nothing to see here yet !</h3>
    </div>
</div>
