<!-- Temp file, will be removed once the first Webcomponent lands in this directory.
-->
