<!-- The <zoom-sk> custom element declaration.

This element is a pop-up view that allows zooming into images.  The dialog
displays the three images, left, top and diff, and then allows zooming and
panning over various combinations of the images. There is a single pixel in
the center of the zoomed view which is highlighted, and its information is
displayed on the zoom dialog.

There are three images that it deals with, called left, top, and diff.  The
left and top are coming from the grid view, and the diff is the diff between
the two images.

  Attributes:
    llabel - The label for the image on the left.
    rlabel - The label for the image on the right.

  Events:
    zoom-closed - Event triggered when the zoom dialog is closed.

  Methods:
    setDetails(details) - Sets the information the zoom dialog needs, which
      is an object of the following form, where each member is a
      URL of the full size image.

      {
        topImgUrl: "...",
        leftImgUrl: "...",
        diffImgUrl: "...",
      }

    open() - Makes the zoom dialog visible.
    close() - Closes the zoom dialog. Also triggers the zoom-closed event.
-->
<polymer-element name="zoom-sk">
  <template>
    <style type="text/css" media="screen">
      #dialog {
        position: fixed;
        top: 2em;
        right: 2em;
        height: 70%;
        min-width: 70em;
        display: none;
        background: white;
        margin: 2%;
        border: solid 1px gray;
        z-index: 100;
        padding: 1%;
        box-shadow: 11px 11px 31px 1px rgba(0, 0, 0, 0.52);
      }

      #dialog.display {
        display: block;
      }

      #smallImages a {
        margin-right: 1em;
      }

      canvas {
        border: solid lightgray 1px;
      }

      #fullImages {
        display: none;
      }

      #smallImages {
        margin-bottom: 0.3em;
      }

      .choice {
        margin-bottom: 1em;
      }

      .options {
        margin-right: 2em;
      }

      img {
        width: 128px;
      }

      .choice.highlight {
        font-weight: bold;
      }

      #legend {
        margin: 2em;
        font-size: 90%;
        overflow-y: auto;
        height: 60%;
        position: absolute;
      }

      #close {
        display: inline-block;
        position: absolute;
        bottom: 1em;
        left: 1em;
      }
    </style>
    <div veritcal layout id=dialog>
      <div horizontal layout id=smallImages>
        <div veritcal layout>
          <div horizontal layout>
            <crosshair-sk id=leftCrosshair>
              <img id=left src="{{details.leftImgUrl}}">
            </crosshair-sk>
            <a href="{{details.leftImgUrl}}" target=_blank><core-icon icon="open-in-new"></core-icon></a>
          </div>
          <div class=choice>
            <paper-checkbox id=leftToggle toggles checked?="{{leftChecked}}"></paper-checkbox> {{llabel}}
          </div>
        </div>

        <div veritcal layout>
          <div horizontal layout>
            <crosshair-sk id=diffCrosshair>
              <img id=diff src="{{details.diffImgUrl}}">
            </crosshair-sk>
            <a href="{{details.diffImgUrl}}" target=_blank><core-icon icon="open-in-new"></core-icon></a>
          </div>
          <div class=choice>
            <paper-checkbox id=diffToggle toggles checked?="{{diffChecked}}"></paper-checkbox> Diff
          </div>
        </div>

        <div veritcal layout>
          <div horizontal layout>
            <crosshair-sk id=topCrosshair>
              <img id=top src="{{details.topImgUrl}}">
            </crosshair-sk>
            <a href="{{details.topImgUrl}}" target=_blank><core-icon icon="open-in-new"></core-icon></a>
          </div>
          <div class=choice>
            <paper-checkbox id=topToggle toggles checked?="{{topChecked}}"></paper-checkbox> {{rlabel}}
          </div>
        </div>

        <div class=options vertical layout>
        </div>
      </div>
      <div horizontal layout>
        <canvas id=canvas width=640 height=480 touch-action=none></canvas>
        <div id=legend>
          <table border="0" cellspacing="5" cellpadding="5">
            <tr><th>Coord</th><td><pre>({{x}}, {{y}})</pre><td></tr>
            <tr><th>{{llabel}}</th><td><pre>{{centerPixel.left}}</pre><td></tr>
            <tr><th>Diff</th><td><pre>{{centerPixel.diff}}</pre><td></tr>
            <tr><th>{{rlabel}}</th><td><pre>{{centerPixel.top}}</pre><td></tr>
          </table>
          <table border="0" cellspacing="5" cellpadding="5">
            <tr><th>Color Distance</th><th>RGBA</th><th>Alpha</th></tr>
            <tr><td>1-1	</td><td><div style="background :#fdd0a2">&nbsp;</div>	</td><td><div style="background :#c6dbef">&nbsp;</div></td></tr>
            <tr><td>2-5	</td><td><div style="background :#fdae6b">&nbsp;</div>	</td><td><div style="background :#9ecae1">&nbsp;</div></td></tr>
            <tr><td>6-15	</td><td><div style="background :#fd8d3c">&nbsp;</div>	</td><td><div style="background :#6baed6">&nbsp;</div></td></tr>
            <tr><td>16-46	</td><td><div style="background :#f16913">&nbsp;</div>	</td><td><div style="background :#4292c6">&nbsp;</div></td></tr>
            <tr><td>47-140	</td><td><div style="background :#d94801">&nbsp;</div>	</td><td><div style="background :#2171b5">&nbsp;</div></td></tr>
            <tr><td>141-420	</td><td><div style="background :#a63603">&nbsp;</div>	</td><td><div style="background :#08519c">&nbsp;</div></td></tr>
            <tr><td>421-1024 </td><td><div style="background :#7f2704">&nbsp;</div>	</td><td></td></tr>
          </table>
          <table border="0" cellspacing="5" cellpadding="5" id=nav>
            <tr><th colspan=2>Naviation</th></tr>
            <tr><th>H</th><td>Left</td></tr>
            <tr><th>J</th><td>Down</td></tr>
            <tr><th>K</th><td>Up</td></tr>
            <tr><th>L</th><td>Right</td></tr>
            <tr><th>A</th><td>Zoom In</td></tr>
            <tr><th>Z</th><td>Zoom Out</td></tr>
            <tr><th>U</th><td>Jump To Largest Diff</td></tr>
            <tr><th>M</th><td>Manual Toggle</td></tr>
          </table>
        </div>
        <div horizontal layout end-justified>
          <paper-button id=close>Close</paper-button>
        </div>
      </div>
    </div>
  </template>
  <script>
    (function() {
      // Convert the int to a 2 digit hex.
      function hexify(i) {
        var s = i.toString(16).toUpperCase();
        // Pad out to two hex digits if necessary.
        if (s.length < 2) {
          s = '0' + s;
        }
        return s;
      }

      // Prefix the number with black spaces so
      // that the total width is 4.
      function spacify(i) {
        var s = i+'';
        for (var i=s.length; i<4; i++) {
          s = ' '+s;
        }
        return s;
      }

      // colorDist returns the distance of a color from (0, 0, 0, 0) using a
      // crude square distance per channel.
      function colorDist(r, g, b, a) {
        return r*r + g*g + b*b + a*a;
      }

      Polymer({
        publish: {
          llabel: {
            value: "Left",
            reflect: true,
          },
          rlabel: {
            value: "Top",
            reflect: true,
          },
        },

        ready: function() {
          var that=this;

          this.details = {};

          this.displayed = false;

          // The current coordinates of the highlighted pixel of the zoom on the image.
          this.x = 0;
          this.y = 0;

          // How many pixels are displayed in the zoom canvas.
          this.PIXELS = 64;

          // How big is each zoom pixel on a side?
          this.pixelSize = 0;

          // The canvas context we are drawing the zoomed pixels on.
          this.ctx = this.$.canvas.getContext('2d');
          this.ctx.imageSmoothingEnabled = false;

          // Contains the info about the highlighted pixel for each image.
          this.centerPixel = {
            top:  "",
            left: "",
            diff: ""
          };

          // The status of the checkboxes that control which image is being
          // displayed in the zoomed view.
          this.topChecked = true;
          this.leftChecked = true;
          this.diffChecked = false;

          // The ID of the interval timer used during tracking. Set to -1 if not tracking.
          this.trackID = -1;
          // The first coords from the track event.
          this.trackStartX = 0;
          this.trackStartY = 0;
          // The last coords from the track event.
          this.trackX = 0;
          this.trackY = 0;
          // The value of x and y when tracking started.
          this.startX = 0;
          this.startY = 0;

          // Updated the checkbox status when any one of them is changed.
          this.$.smallImages.addEventListener('core-change', function() {
            that.topChecked = that.$.topToggle.checked;
            that.leftChecked = that.$.leftToggle.checked;
            that.diffChecked = that.$.diffToggle.checked;
          });

          // For each of the three images (top, left, diff) we need to copy
          // them into a canvas so that we can read pixel values out. These
          // are the canvas's.
          this.topCopy = null;
          this.leftCopy = null;
          this.diffCopy = null;

          // The current image being displayed in the zoom view. Will be
          // one of topCopy, leftCopy, or diffCopy.
          this.canvasCopy = null;

          this.$.close.addEventListener('click', this.close.bind(this));

          // Update our x and y when the crosshair moves. Also update
          // all the other crosshair elements.
          this.$.smallImages.addEventListener('crosshair', function(e) {
            that.x = e.detail.x;
            that.y = e.detail.y;
            that.syncXY();
            that.drawZoom();
          });

          this.$.canvas.addEventListener('trackend', function(e) {
            clearInterval(that.trackID);
            that.trackID = -1;
            that.syncXY();
          });

          this.$.canvas.addEventListener('trackstart', function(e) {
            if (that.trackID != -1) {
              clearInterval(that.trackID);
              that.trackID = -1;
            }
            that.trackStartX = e.clientX;
            that.trackStartY = e.clientY;
            that.startX = that.x;
            that.startY = that.y;
            that.trackX = e.clientX;
            that.trackY = e.clientY;
            // Set up for 30Hz updates.
            that.trackID = setInterval(function() {
              // Calculate the delta the mouse/touch has moved.
              var dx = that.trackStartX - that.trackX;
              var dy = that.trackStartY - that.trackY;
              // Move x,y by that delta scaled by pixelSize.
              that.x = that.startX + Math.floor(dx/that.pixelSize);
              that.y = that.startY + Math.floor(dy/that.pixelSize);
              that.drawZoom();
            }, 33);
          });

          this.$.canvas.addEventListener('track', function(e) {
            that.trackX = e.clientX;
            that.trackY = e.clientY;
          });

          // Toggle the display among all the selected images.
          var t = 0;
          setInterval(function(){
            var c = [];
            if (that.topChecked) {
              c.push(that.topCopy);
            }
            if (that.diffChecked) {
              c.push(that.diffCopy);
            }
            if (that.leftChecked) {
              c.push(that.leftCopy);
            }
            if (c.length > 0) {
              if (that.canvasCopy) {
                $$$('#'+that.canvasCopy.dataset.id, that.shadowRoot).parentElement.classList.remove('highlight');
              }
              t = (t+1)%c.length;
              that.canvasCopy = c[t];
              if (that.canvasCopy) {
                $$$('#'+that.canvasCopy.dataset.id, that.shadowRoot).parentElement.classList.add('highlight');
              }
              if (that.canvasCopy != null) {
                that.drawZoom()
              }
            }
          }, 500);
        },

        // Allow keyboard navigation for moving around the zoomed image.
        keyDownHandler: function(e) {
          if (!this.displayed) {
            return
          }
          if (e.keyCode == 27) {
            this.close();
          }
          var c = String.fromCharCode(e.keyCode);
          switch (c) {
            case "J":
              this.y = this.y+1;
              break;
            case "K":
              this.y = this.y-1;
              break;
            case "H":
              this.x = this.x-1;
              break;
            case "L":
              this.x = this.x+1;
              break;
            case "A":
              this.PIXELS = Math.max(this.PIXELS/2, 8);
              this.recalcPixelDims();
              break;
            case "Z":
              this.PIXELS = Math.min(this.PIXELS*2, this.ctx.canvas.width/2);
              this.recalcPixelDims();
              break;
            case "U":
              this.moveToLargestDiff();
              break;
            case "M":
              this.manualToggle();
              break;
          }
          if ("JKHLAZU".indexOf(c) != -1 ) {
            this.drawZoom();
            $$('crosshair-sk', this.$.smallImages).forEach(function(ele) {
              ele.x = this.x;
              ele.y = this.y;
            }.bind(this));
          }
          if ("JKHLAZUM".indexOf(c) != -1 ) {
            e.stopPropagation();
          }
        },

        drawZoom: function() {
          this.ctx.clearRect(0, 0, this.ctx.canvas.width, this.ctx.canvas.height);
          var dx = this.pixelSize;
          var dy = this.pixelSize;
          this.ctx.lineWidth = 1;
          this.ctx.strokeStyle = '#000';
          // Draw out each pixel as a rect on the target canvas, as this works around
          // FireFox doing a blur as it copies from one canvas to another.
          var colors = this.canvasCopy.getContext('2d').getImageData(this.x-this.PIXELS/2, this.y-this.PIXELS/2, this.PIXELS, this.PIXELS).data;
          for (var x=0; x<this.PIXELS; x++) {
            for (var y=0; y<this.PIXELS; y++) {
              var offset = (y*this.PIXELS+x)*4; // Offset into the colors array.
              this.ctx.fillStyle = 'rgba(' + colors[offset] + ', ' + colors[offset+1] + ', ' + colors[offset+2] + ', ' + colors[offset+3]/255.0 + ')';
              this.ctx.fillRect(x*dx, y*dy, dx-1, dy-1);
              // Box and label one selected pixel with its rgba values.
              if (x==this.PIXELS/2 && y == this.PIXELS/2) {
                this.ctx.strokeRect(x*dx-0.5, y*dy-0.5, dx-1, dy-1);
              }
            }
          }
          // Fill out all the details about the current pixel in the box.
          this.centerPixel = {
            top: this.textFromImgName('topCopy'),
            left: this.textFromImgName('leftCopy'),
            diff: this.textOfDiff(),
          }
        },

        // Returns the text describing the different between the highlighted
        // pixels in top and left.
        textOfDiff: function() {
          if (this.topCopy != null && this.leftCopy != null) {
            var top = this.topCopy.getContext('2d').getImageData(this.x, this.y, 1, 1).data;
            var left = this.leftCopy.getContext('2d').getImageData(this.x, this.y, 1, 1).data;
            var diff = new Uint8ClampedArray(4);
            for (var i=0; i<4; i++) {
              diff[i] = Math.abs(top[i] - left[i]);
            }
            return this.textFromColor(diff);
          } else {
            return "";
          }
        },

        // Returns a description of the highlighted pixel of the given image,
        // either 'topCopy' or 'leftCopy'.
        textFromImgName: function(name) {
          var canvas = this[name];
          if (canvas) {
            var colors = canvas.getContext('2d').getImageData(this.x, this.y, 1, 1).data;
            return this.textFromColor(colors);
          } else {
            return ""
          }
        },

        // Returns a description of a single pixels color information, passed in as a
        // Uint8ClampedArray.
        textFromColor: function(colors) {
          return 'RGBA('
              + spacify(colors[0]) + ', '
              + spacify(colors[1]) + ', '
              + spacify(colors[2]) + ', '
              + spacify(colors[3]) + ')  #'
            + hexify(colors[0])
            + hexify(colors[1])
            + hexify(colors[2])
            + hexify(colors[3]);
        },


        // setDetails(details) - Sets the information the zoom dialog needs, which
        //  is an object of the following form, where each member is a
        //  URL of the full size image.
        //
        //  {
        //    topImgUrl: "...",
        //    leftImgUrl: "...",
        //    diffImgUrl: "...",
        //  }
        setDetails: function(details) {
          console.log(details);
          var that=this;

          // Load each image and when finished loading create a copy of the
          // image in a canvas so we can read out pixel values.
          if (this.details.topImgUrl != details.topImgUrl) {
            this.$.top.src = "";
            this.$.top.addEventListener('load', function(e) {
              var img = e.target;
              that.topCopy = document.createElement('canvas');
              that.topCopy.width = img.naturalWidth;
              that.topCopy.height = img.naturalHeight;
              that.topCopy.dataset.id = "topToggle";
              that.topCopy.getContext('2d').drawImage(img, 0, 0, img.naturalWidth, img.naturalHeight);
            });
          }
          if (this.details.leftImgUrl != details.leftImgUrl) {
            this.$.left.src = "";
            this.$.left.addEventListener('load', function(e) {
              var img = e.target;
              that.leftCopy = document.createElement('canvas');
              that.leftCopy.width = img.naturalWidth;
              that.leftCopy.height = img.naturalHeight;
              that.leftCopy.dataset.id = "leftToggle";
              that.leftCopy.getContext('2d').drawImage(img, 0, 0, img.naturalWidth, img.naturalHeight);
            });
          }
          if (this.details.diffImgUrl != details.diffImgUrl) {
            this.$.diff.src = "";
            this.$.diff.addEventListener('load', function(e) {
              var img = e.target;
              that.diffCopy = document.createElement('canvas');
              that.diffCopy.width = img.naturalWidth;
              that.diffCopy.height = img.naturalHeight;
              that.diffCopy.dataset.id = "diffToggle";
              that.diffCopy.getContext('2d').drawImage(img, 0, 0, img.naturalWidth, img.naturalHeight);
            });
          }
          this.details = details;
        },

        // Make the dialog visible.
        open: function() {
          if (this.displayed) {
            return;
          }
          this.displayed = true;
          this.$.dialog.classList.add('display');
          this.recalcPixelDims();
          document.body.addEventListener('keydown', this.keyDownHandler.bind(this), true);
        },


        // Closes the dialog.
        close: function() {
          this.displayed = false;
          this.$.dialog.classList.remove('display');
          this.dispatchEvent(new CustomEvent('zoom-closed', {bubbles: true}));
          document.body.removeEventListener('keydown', this.keyDownHandler.bind(this), true);
        },

        // Sizes the canvas to display the desired number of zoom pixels
        // in the available space.
        recalcPixelDims: function() {
          var width = document.documentElement.clientWidth*0.5;
          var height = document.documentElement.clientHeight*0.5;
          var size = Math.min(width, height);
          size = Math.pow(2, Math.floor(Math.log2(size)));
          this.pixelSize = Math.floor(size/this.PIXELS);
          this.$.canvas.width = this.PIXELS*this.pixelSize;
          this.$.canvas.height = this.PIXELS*this.pixelSize;
          this.$.canvas.style.width = this.PIXELS*this.pixelSize + "px";
          this.$.canvas.style.height = this.PIXELS*this.pixelSize + "px";
          this.ctx.clearRect(0, 0, this.ctx.canvas.width, this.ctx.canvas.height);
        },

        // syncXY propagates the x,y value to each crosshair.
        syncXY: function() {
          var that=this;
          $$('crosshair-sk', this.shadowRoot).forEach(function(ele) {
            ele.x = that.x;
            ele.y = that.y;
          });
        },

        // Find the largest diff across the pixels and move the focus to that location.
        moveToLargestDiff: function() {
          var topColors = this.topCopy.getContext('2d').getImageData(0, 0, this.topCopy.width, this.topCopy.height).data;
          var leftColors = this.leftCopy.getContext('2d').getImageData(0, 0, this.leftCopy.width, this.leftCopy.height).data;
          var max = 0;
          var dx = 0;
          var dy = 0
          for (var x=0; x<this.topCopy.width-1; x++) {
            for (var y=0; y<this.topCopy.height-1; y++) {
              var offset = (y*this.topCopy.width+x)*4; // Offset into the colors array.
              var dist = colorDist(
                  topColors[offset+0]-leftColors[offset+0],
                  topColors[offset+1]-leftColors[offset+1],
                  topColors[offset+2]-leftColors[offset+2],
                  topColors[offset+3]-leftColors[offset+3]
                  );
              if (dist > max) {
                max = dist;
                dx = x;
                dy = y;
              }
            }
          }
          this.x = dx;
          this.y = dy;
        },

        manualToggle: function() {
          this.$.diffToggle.checked = false;
          var top = this.$.topToggle;
          var left = this.$.leftToggle;
          if (top.checked) {
            top.checked = false;
            left.checked = true;
          } else {
            top.checked = true;
            left.checked = false;
          }
        },

      });
    })();
  </script>
</polymer-element>
