<!DOCTYPE html>
<html lang="en" ng-app="rbtApp">

<head>
  <meta name="viewport" content="width=device-width">
  <meta charset="utf-8">
  <title>Rebaseline Tool</title>
  <link rel="stylesheet" href="third_party/bower_components/bootstrap/dist/css/bootstrap.min.css">
  <link rel="stylesheet" href="css/app.css">
</head>
<body>


  <!-- Static navbar -->
  <div class="navbar navbar-default" role="navigation">
    <div class="container-fluid">
      <div class="navbar-header">
        <div class="navbar-brand" ng-show="corpusList">
        Corpus
          <select ng-options="corp for corp in corpusList"
                  ng-model="currentCorpus"
                  ng-change="corpusChanged()">
          </select>
        </div>
      </div>
      <div class="navbar-collapse collapse">
        <ul class="nav navbar-nav">
          <li><a href="#/counts">Counts</a></li>
          <li><a href="#/triage">Triage</a></li>
        </ul>
        <ul class="nav navbar-nav navbar-right">
          <li ng-if="globalStatus.ok" class="statusOk">
             <a href="">
              <span class="glyphicon glyphicon-thumbs-up"></span>
              OK</a>
          </li>
          <li ng-if="globalStatus && !globalStatus.ok" class="statusFail">
             <span>UT: {{ globalStatus.untriagedCount }}</span> &nbsp;
             <span>NEG: {{ globalStatus.negativeCount }}</span> &nbsp;

             <a href="#/triage">
              <span class="glyphicon glyphicon-thumbs-down"></span>
              Triage Needed</a>
          </li>

          <li ng-if="isLoggedIn" class="navbar-text">{{userId}}<li>
          <li ng-if="isLoggedIn" class="active"><a href="{{getLogoutURL()}}">Logout</a></li>
          <li ng-if="!isLoggedIn" class="active"><a href="{{loginURL}}">Login</a></li>


        </ul>
      </div><!--/.nav-collapse -->
    </div><!--/.container-fluid -->
  </div>

  <!-- Include the different views here.
       Make everything fluid to scale to the maximum size of any screen.   -->
  <div class="container-fluid">
     <div ng-view></div>
  </div>

  <!-- do everything local right now: Move to CDN fix when it's a performance issue -->
  <script src="third_party/bower_components/jquery/dist/jquery.min.js"></script>
  <script src="third_party/bower_components/flot/jquery.flot.js"></script>

  <script src="third_party/bower_components/angular/angular.js"></script>
  <script src="third_party/bower_components/angular-route/angular-route.js"></script>

  <!-- Local JS -->
  <script src="js/logic.js"></script>
  <script src="js/app.js"></script>
</body>
</html>
