{
  "name": "golden",
  "version": "0.1.0",
  "authors": [],
  "description": "Rebaseline Tool",
  "license": "BSD",
  "private": true,
  "ignore": [
    "**/.*",
    "node_modules",
    "bower_components",
    "third_party/bower_components",
    "test",
    "tests"
  ],
  "dependencies": {
    "polymer": "Polymer/polymer#~0.5.4",
    "core-elements": "Polymer/core-elements#~0.5.4",
    "paper-elements": "Polymer/paper-elements#~0.5.4",
    "webcomponentsjs": "Polymer/webcomponentsjs#^0.5.4",
    "flot": "~0.8.3",
    "d3": "~3.5.6"
  },
  "resolutions": {
    "webcomponentsjs": "^0.6.0"
  }
}
